(y*(q+(x*(n*(z-(l-(g-(d+(g*(w-(p*(b-(t*(r+(w+(b+(l-(n-(s+a)))))))))))))))))))
*y+q*x*n-z-l-g+d*g-w*p-b*t+r+w+b-l-n+sa