r 00
b 010
d 011
j 100
s 101
z 110
g 1110
o 1111
cost: 40
