b 000
e 001
g 010
i 011
j 100
k 101
n 110
q 111
cost: 27
