b 000
f 001
h 010
k 011
o 100
q 101
u 110
w 111
cost: 27
