False
30
36
14
False
51
20
36
False
99
False
3
24
62
False
41
False
19
Deque is empty