(((((9,n),Y),(D,J)),((i,(N,(L,X))),(E,x))),(((C,K),(0,f)),(((Z,y),(((j,W),(B,(O,(Q,e)))),4)),((m,t),(2,6)))));
