((((g,(C,D)),(X,q)),((7,(S,H)),(B,(z,(t,(d,u)))))),(((_,o),((E,c),(v,G))),(((b,n),((((K,O),(Z,(2,f))),L),s)),((5,R),((p,m),T)))));
