((((g,((j,W),r)),((8,(O,p)),(4,((1,u),Y)))),(((Q,T),(k,n)),(((Z,s),P),(c,m)))),((((U,_),(b,M)),((d,L),(6,K))),(((I,e),(l,((((A,v),B),h),E))),((i,(J,y)),(F,V)))));
