(((((E,g),(((S,D),7),L)),((p,(A,Z)),(l,u))),((((j,B),a),(T,((z,(R,i)),b))),((6,M),((1,Y),G)))),((((w,(m,O)),(f,N)),((((q,V),(d,n)),2),(W,(3,t)))),((((v,(((_,(Q,J)),U),H)),(C,x)),(((e,9),8),((P,y),5))),(((K,(c,o)),(X,0)),((r,(I,k)),(h,(s,F)))))));
