((((n,w),(Q,2)),((D,W),(j,z))),(((b,k),((L,(P,(O,4))),9)),((p,H),((E,B),((C,s),U)))));
