0 158378
1 158497
2 159368
3 159193
4 158074
5 159501
6 158690
7 158887
8 159101
9 158827
A 158886
B 158703
C 158848
D 159090
E 158629
F 158920
G 158790
H 158877
I 159363
J 158809
K 159164
L 158269
M 158564
N 158791
O 158497
P 158594
Q 159473
R 158552
S 159339
T 158332
U 159303
V 157973
W 158591
X 158657
Y 158430
Z 158628
_ 158401
a 158043
b 159292
c 158692
d 158299
e 158781
f 158732
g 159613
h 158502
i 158542
j 159070
k 158473
l 158342
m 158767
n 158744
o 158219
p 158591
q 158920
r 158479
s 158615
t 158401
u 158614
v 158529
w 157887
x 158877
y 159580
z 158407
