0 1533
1 1593
2 1571
3 1611
4 1572
5 1530
6 1600
7 1541
8 1605
9 1567
A 1561
B 1576
C 1597
D 1566
E 1602
F 1590
G 1608
H 1596
I 1657
J 1652
K 1619
L 1606
M 1537
N 1665
O 1633
P 1557
Q 1585
R 1521
S 1520
T 1578
U 1578
V 1551
W 1603
X 1648
Y 1577
Z 1630
_ 1595
a 1605
b 1658
c 1602
d 1611
e 1565
f 1676
g 1592
h 1568
i 1535
j 1539
k 1560
l 1538
m 1591
n 1557
o 1616
p 1592
q 1589
r 1601
s 1610
t 1641
u 1591
v 1600
w 1591
x 1541
y 1512
z 1588
